[debug] [2026-10-07T20:47:18.972Z] ----------------------------------------------------------------------
[debug] [2026-10-07T20:47:18.975Z] Command:       /usr/local/bin/firebase /Users/henryhavens/.cache/firebase/tools/lib/node_modules/firebase-tools/lib/bin/firebase projects:list
[debug] [2026-10-07T20:47:18.976Z] CLI Version:   14.26.0
[debug] [2026-10-07T20:47:18.976Z] Platform:      darwin
[debug] [2026-10-07T20:47:18.976Z] Node Version:  v20.18.2
[debug] [2026-10-07T20:47:18.976Z] Time:          Wed Oct 07 2026 15:47:18 GMT-0500 (Central Daylight Time)
[debug] [2026-10-07T20:47:18.976Z] ----------------------------------------------------------------------
[debug] 
[debug] [2026-10-07T20:47:18.979Z] >>> [apiv2][query] GET https://firebase-public.firebaseio.com/cli.json [none]
[debug] [2026-10-07T20:47:19.163Z] > command requires scopes: ["email","openid","https://www.googleapis.com/auth/cloudplatformprojects.readonly","https://www.googleapis.com/auth/firebase","https://www.googleapis.com/auth/cloud-platform"]
[debug] [2026-10-07T20:47:19.164Z] > authorizing via signed-in user (purplepandacoders@gmail.com)
[debug] [2026-10-07T20:47:19.166Z] Checked if tokens are valid: false, expires at: 1767978288577
[debug] [2026-10-07T20:47:19.166Z] Checked if tokens are valid: false, expires at: 1767978288577
[debug] [2026-10-07T20:47:19.167Z] > refreshing access token with scopes: []
[debug] [2026-10-07T20:47:19.168Z] >>> [apiv2][query] POST https://www.googleapis.com/oauth2/v3/token [none]
[debug] [2026-10-07T20:47:19.168Z] >>> [apiv2][body] POST https://www.googleapis.com/oauth2/v3/token [omitted]
[debug] [2026-10-07T20:47:19.271Z] <<< [apiv2][status] GET https://firebase-public.firebaseio.com/cli.json 200
[debug] [2026-10-07T20:47:19.271Z] <<< [apiv2][body] GET https://firebase-public.firebaseio.com/cli.json {"cloudBuildErrorAfter":1594252800000,"cloudBuildWarnAfter":1590019200000,"defaultNode10After":1594252800000,"minVersion":"3.0.5","node8DeploysDisabledAfter":1613390400000,"node8RuntimeDisabledAfter":1615809600000,"node8WarnAfter":1600128000000}
[debug] [2026-10-07T20:47:19.283Z] <<< [apiv2][status] POST https://www.googleapis.com/oauth2/v3/token 400
[debug] [2026-10-07T20:47:19.284Z] <<< [apiv2][body] POST https://www.googleapis.com/oauth2/v3/token [omitted]
[debug] [2026-10-07T20:47:19.284Z] >>> [apiv2][query] GET https://firebase.googleapis.com/v1beta1/projects pageSize=1000
[debug] [2026-10-07T20:47:19.408Z] <<< [apiv2][status] GET https://firebase.googleapis.com/v1beta1/projects 401
[debug] [2026-10-07T20:47:19.408Z] <<< [apiv2][body] GET https://firebase.googleapis.com/v1beta1/projects [omitted]
[debug] [2026-10-07T20:47:19.408Z] Got a 401 Unauthenticated error for a call that required authentication. Refreshing tokens.
[debug] [2026-10-07T20:47:19.409Z] Checked if tokens are valid: false, expires at: 1767978288577
[debug] [2026-10-07T20:47:19.409Z] Checked if tokens are valid: false, expires at: 1767978288577
[debug] [2026-10-07T20:47:19.409Z] > refreshing access token with scopes: []
[debug] [2026-10-07T20:47:19.410Z] >>> [apiv2][query] POST https://www.googleapis.com/oauth2/v3/token [none]
[debug] [2026-10-07T20:47:19.410Z] >>> [apiv2][body] POST https://www.googleapis.com/oauth2/v3/token [omitted]
[debug] [2026-10-07T20:47:19.448Z] <<< [apiv2][status] POST https://www.googleapis.com/oauth2/v3/token 400
[debug] [2026-10-07T20:47:19.448Z] <<< [apiv2][body] POST https://www.googleapis.com/oauth2/v3/token [omitted]
[debug] [2026-10-07T20:47:19.449Z] Request to https://firebase.googleapis.com/v1beta1/projects?pageSize=1000 had HTTP Error: 401, Request had invalid authentication credentials. Expected OAuth 2 access token, login cookie or other valid authentication credential. See https://developers.google.com/identity/sign-in/web/devconsole-project.
[debug] [2026-10-07T20:47:19.452Z] FirebaseError: Request to https://firebase.googleapis.com/v1beta1/projects?pageSize=1000 had HTTP Error: 401, Request had invalid authentication credentials. Expected OAuth 2 access token, login cookie or other valid authentication credential. See https://developers.google.com/identity/sign-in/web/devconsole-project.
    at responseToError (/Users/henryhavens/.cache/firebase/tools/lib/node_modules/firebase-tools/lib/responseToError.js:53:12)
    at RetryOperation._fn (/Users/henryhavens/.cache/firebase/tools/lib/node_modules/firebase-tools/lib/apiv2.js:322:77)
    at process.processTicksAndRejections (node:internal/process/task_queues:95:5)
[error] 
[error] Error: Failed to list Firebase projects. See firebase-debug.log for more info.
[debug] [2026-10-07T20:47:31.733Z] ----------------------------------------------------------------------
[debug] [2026-10-07T20:47:31.737Z] Command:       /usr/local/bin/firebase /Users/henryhavens/.cache/firebase/tools/lib/node_modules/firebase-tools/lib/bin/firebase projects:list
[debug] [2026-10-07T20:47:31.737Z] CLI Version:   14.26.0
[debug] [2026-10-07T20:47:31.737Z] Platform:      darwin
[debug] [2026-10-07T20:47:31.737Z] Node Version:  v20.18.2
[debug] [2026-10-07T20:47:31.737Z] Time:          Wed Oct 07 2026 15:47:31 GMT-0500 (Central Daylight Time)
[debug] [2026-10-07T20:47:31.737Z] ----------------------------------------------------------------------
[debug] 
[debug] [2026-10-07T20:47:31.899Z] > command requires scopes: ["email","openid","https://www.googleapis.com/auth/cloudplatformprojects.readonly","https://www.googleapis.com/auth/firebase","https://www.googleapis.com/auth/cloud-platform"]
[debug] [2026-10-07T20:47:31.900Z] > authorizing via signed-in user (purplepandacoders@gmail.com)
[debug] [2026-10-07T20:47:31.904Z] Checked if tokens are valid: false, expires at: 1767978288577
[debug] [2026-10-07T20:47:31.904Z] Checked if tokens are valid: false, expires at: 1767978288577
[debug] [2026-10-07T20:47:31.904Z] > refreshing access token with scopes: []
[debug] [2026-10-07T20:47:31.906Z] >>> [apiv2][query] POST https://www.googleapis.com/oauth2/v3/token [none]
[debug] [2026-10-07T20:47:31.906Z] >>> [apiv2][body] POST https://www.googleapis.com/oauth2/v3/token [omitted]
[debug] [2026-10-07T20:47:32.048Z] <<< [apiv2][status] POST https://www.googleapis.com/oauth2/v3/token 400
[debug] [2026-10-07T20:47:32.048Z] <<< [apiv2][body] POST https://www.googleapis.com/oauth2/v3/token [omitted]
[debug] [2026-10-07T20:47:32.049Z] >>> [apiv2][query] GET https://firebase.googleapis.com/v1beta1/projects pageSize=1000
[debug] [2026-10-07T20:47:32.104Z] <<< [apiv2][status] GET https://firebase.googleapis.com/v1beta1/projects 401
[debug] [2026-10-07T20:47:32.104Z] <<< [apiv2][body] GET https://firebase.googleapis.com/v1beta1/projects [omitted]
[debug] [2026-10-07T20:47:32.104Z] Got a 401 Unauthenticated error for a call that required authentication. Refreshing tokens.
[debug] [2026-10-07T20:47:32.104Z] Checked if tokens are valid: false, expires at: 1767978288577
[debug] [2026-10-07T20:47:32.104Z] Checked if tokens are valid: false, expires at: 1767978288577
[debug] [2026-10-07T20:47:32.105Z] > refreshing access token with scopes: []
[debug] [2026-10-07T20:47:32.105Z] >>> [apiv2][query] POST https://www.googleapis.com/oauth2/v3/token [none]
[debug] [2026-10-07T20:47:32.105Z] >>> [apiv2][body] POST https://www.googleapis.com/oauth2/v3/token [omitted]
[debug] [2026-10-07T20:47:32.140Z] <<< [apiv2][status] POST https://www.googleapis.com/oauth2/v3/token 400
[debug] [2026-10-07T20:47:32.140Z] <<< [apiv2][body] POST https://www.googleapis.com/oauth2/v3/token [omitted]
[debug] [2026-10-07T20:47:32.140Z] Request to https://firebase.googleapis.com/v1beta1/projects?pageSize=1000 had HTTP Error: 401, Request had invalid authentication credentials. Expected OAuth 2 access token, login cookie or other valid authentication credential. See https://developers.google.com/identity/sign-in/web/devconsole-project.
[debug] [2026-10-07T20:47:32.142Z] FirebaseError: Request to https://firebase.googleapis.com/v1beta1/projects?pageSize=1000 had HTTP Error: 401, Request had invalid authentication credentials. Expected OAuth 2 access token, login cookie or other valid authentication credential. See https://developers.google.com/identity/sign-in/web/devconsole-project.
    at responseToError (/Users/henryhavens/.cache/firebase/tools/lib/node_modules/firebase-tools/lib/responseToError.js:53:12)
    at RetryOperation._fn (/Users/henryhavens/.cache/firebase/tools/lib/node_modules/firebase-tools/lib/apiv2.js:322:77)
    at process.processTicksAndRejections (node:internal/process/task_queues:95:5)
[error] 
[error] Error: Failed to list Firebase projects. See firebase-debug.log for more info.
